
[default]
  package = ""
  protofile = []
  protopath = ["bar"]
  service = ""

[log]
  prefix = "evans: "

[meta]
  autoupdate = false
  configversion = "0.6.11"
  updatelevel = "patch"

[repl]
  coloredoutput = true
  inputpromptformat = "{ancestor}{name} ({type}) => "
  promptformat = "{package}.{sevice}@{addr}:{port}"
  showsplashtext = true
  splashtextpath = ""

[request]
  cacertfile = ""
  certfile = ""
  certkeyfile = ""
  web = false

  [request.header]
    foo = ["bar"]
    grpc-client = ["evans"]

[server]
  host = "localhost"
  port = "3333"
  reflection = false
  tls = false
