evans 0.8.5

Usage: evans [global options ...] cli

Options:
        --help, -h        display help text and exit (default "false")

Available Commands:
        call, c               call a RPC
        desc, describe        describe the descriptor of a symbol
        list, ls, show        list services or methods

