content-type: application/grpc
header_key1: header_val1
header_key2: header_val2
