+-------+--------+----------+
| FIELD |  TYPE  | REPEATED |
+-------+--------+----------+
| name  | string | false    |
+-------+--------+----------+

