+-----------------------------+
|           MESSAGE           |
+-----------------------------+
| SimpleRequest               |
| SimpleResponse              |
| UnaryBytesRequest           |
| UnaryEnumRequest            |
| UnaryHeaderRequest          |
| UnaryMapMessageRequest      |
| UnaryMapRequest             |
| UnaryMessageRequest         |
| UnaryOneofRequest           |
| UnaryRepeatedEnumRequest    |
| UnaryRepeatedMessageRequest |
| UnaryRepeatedRequest        |
| UnarySelfRequest            |
+-----------------------------+

