{
  "message": "received: (bytes) e3 82 84 e3 81 af e3 82 8a e4 bf ba e3 81 ae e9 9d 92 e6 98 a5 e3 83 a9 e3 83 96 e3 82 b3 e3 83 a1 e3 81 af e3 81 be e3 81 a1 e3 81 8c e3 81 a3 e3 81 a6 e3 81 84 e3 82 8b e3 80 82, (string) やはり俺の青春ラブコメはまちがっている。"
}

