
+-------------+-----------+
|     KEY     |    VAL    |
+-------------+-----------+
| grpc-client | evans     |
| mizore      | yoroizuka |
| nozomi      | kasaki    |
+-------------+-----------+

