trailer_key1: trailer_val1
trailer_key2: trailer_val2
