api.Example.Unary:
rpc Unary ( .api.SimpleRequest ) returns ( .api.SimpleResponse );

