{
  "message": "ohana matsumae (ohana), friends: nakochi, minchi → nako oshimizu (nakochi), friends:  → minko tsurugi (minchi), friends:  → "
}

