{
  "message": "{\"name\":{\"firstName\":\"kaguya\", \"lastName\":\"shinomiya\"}}"
}

