{
  "message": "hello, kanade hisaishi, kumiko "
}

