evans 0.9.0

Usage: evans [global options ...] cli

Options:
        --help, -h        display help text and exit (default "false")

Available Commands:
        call, c               call a method
        desc, describe        describe the descriptor of a symbol
        list, ls, show        list services or methods

