{
  "message": "hello, miyuki, kaguya, chika, yu"
}

