

+-------------+--------+
|     KEY     |  VAL   |
+-------------+--------+
| grpc-client | evans  |
| touma       | youko  |
| touma       | kazusa |
+-------------+--------+

