+-------+---------------------+----------+
| FIELD |        TYPE         | REPEATED |
+-------+---------------------+----------+
| name  | TYPE_MESSAGE (Name) | true     |
+-------+---------------------+----------+

