{
  "message": "you sent requests 3 times (kaguya, chika, miko)."
}

