{
  "status": {
    "code": "Internal",
    "number": 13,
    "message": "internal error",
    "details": [
      {
        "@type": "type.googleapis.com/google.rpc.BadRequest",
        "fieldViolations": [
          {
            "description": "description",
            "field": "field"
          }
        ]
      },
      {
        "@type": "type.googleapis.com/google.rpc.PreconditionFailure",
        "violations": [
          {
            "description": "description",
            "subject": "subject",
            "type": "type"
          }
        ]
      },
      {
        "@type": "type.googleapis.com/api.FailureDetail",
        "code": "001"
      }
    ]
  },
  "header": {
    "content-type": [
      "application/grpc"
    ],
    "header_key1": [
      "header_val1"
    ],
    "header_key2": [
      "header_val2"
    ]
  },
  "trailer": {
    "trailer_key1": [
      "trailer_val1"
    ],
    "trailer_key2": [
      "trailer_val2"
    ]
  }
}
