SimpleRequest:
message SimpleRequest {
  string name = 1;
}
