

content-type: application/grpc
header_key1: header_val1
header_key2: header_val2

{
  "message": "kaguya"
}

trailer_key1: trailer_val1
trailer_key2: trailer_val2

code: OK
number: 0
message: ""

