usage: show <package | service | message | rpc | header>

