
+-------------+--------------+
|     KEY     |     VAL      |
+-------------+--------------+
| grpc-client | evans        |
| touma       | youko,kazusa |
+-------------+--------------+

