+-------+-------------+----------+
| FIELD |    TYPE     | REPEATED |
+-------+-------------+----------+
| name  | TYPE_STRING | false    |
+-------+-------------+----------+

