{
  "message": "hello violet, I greet 1 times."
}
{
  "message": "hello violet, I greet 2 times."
}
{
  "message": "hello violet, I greet 3 times."
}

