{
  "message": "you sent requests 4 times (oumae, kousaka, kawashima, kato)."
}

